1. Подключитесь к публичному маршрутизатору в интернет. Найдите маршрут к вашему публичному IP

vagrant@vagrant:~$ telnet route-views.routeviews.org
Trying 128.223.51.103...
Connected to route-views.routeviews.org.
Escape character is '^]'.
C
**********************************************************************

                    RouteViews BGP Route Viewer
                    route-views.routeviews.org

 route views data is archived on http://archive.routeviews.org

 This hardware is part of a grant by the NSF.
 Please contact help@routeviews.org if you have questions, or
 if you wish to contribute your view.

 This router has views of full routing tables from several ASes.
 The list of peers is located at http://www.routeviews.org/peers
 in route-views.oregon-ix.net.txt

 NOTE: The hardware was upgraded in August 2014.  If you are seeing
 the error message, "no default Kerberos realm", you may want to
 in Mac OS X add "default unset autologin" to your ~/.telnetrc

 To login, use the username "rviews".

 **********************************************************************


User Access Verification

Username: rviews

route-views>show ip route 95.215.248.219
Routing entry for 95.215.248.0/22
  Known via "bgp 6447", distance 20, metric 0
  Tag 2497, type external
  Last update from 202.232.0.2 5d15h ago
  Routing Descriptor Blocks:
  * 202.232.0.2, from 202.232.0.2, 5d15h ago
      Route metric is 0, traffic share count is 1
      AS Hops 3
      Route tag 2497
      MPLS label: none

route-views>show bgp 95.215.248.219
BGP routing table entry for 95.215.248.0/22, version 1391417952
Paths: (24 available, best #16, table default)
  Not advertised to any peer
  Refresh Epoch 1
  20912 3257 3356 8359 35728
    212.66.96.126 from 212.66.96.126 (212.66.96.126)
      Origin IGP, localpref 100, valid, external
      Community: 3257:8070 3257:30515 3257:50001 3257:53900 3257:53902 20912:65004
      path 7FE15B3E13C8 RPKI State not found
      rx pathid: 0, tx pathid: 0
  Refresh Epoch 1
  6939 8359 35728
    64.71.137.241 from 64.71.137.241 (216.218.252.164)
      Origin IGP, localpref 100, valid, external
      path 7FE08FFC1F48 RPKI State not found
      rx pathid: 0, tx pathid: 0
  Refresh Epoch 3
  3303 8359 35728
    217.192.89.50 from 217.192.89.50 (138.187.128.158)
      Origin IGP, localpref 100, valid, external
      Community: 3303:1004 3303:1006 3303:1030 3303:3054 8359:5500 8359:55458
      path 7FDFFF716F68 RPKI State not found
      rx pathid: 0, tx pathid: 0
  Refresh Epoch 1
  3356 8359 35728
    4.68.4.46 from 4.68.4.46 (4.69.184.201)
      Origin IGP, metric 0, localpref 100, valid, external
      Community: 3356:2 3356:22 3356:100 3356:123 3356:519 3356:903 3356:2094 8359:5500 8359:55458
      path 7FE048BCE578 RPKI State not found
      rx pathid: 0, tx pathid: 0
  Refresh Epoch 1
  3549 3356 8359 35728
    208.51.134.254 from 208.51.134.254 (67.16.168.191)
      Origin IGP, metric 0, localpref 100, valid, external
      Community: 3356:2 3356:22 3356:100 3356:123 3356:519 3356:903 3356:2094 3549:2581 3549:30840 8359:5500 8359:55458
      path 7FE091A8F6B8 RPKI State not found
      rx pathid: 0, tx pathid: 0
  Refresh Epoch 1
  7018 3356 8359 35728
    12.0.1.63 from 12.0.1.63 (12.0.1.63)
      Origin IGP, localpref 100, valid, external
      Community: 7018:5000 7018:37232
      path 7FE15CAAC790 RPKI State not found

2. Создайте dummy0 интерфейс в Ubuntu. Добавьте несколько статических маршрутов. Проверьте таблицу маршрутизации.

Делаем интерфейс dummy
vagrant@vagrant:~$ sudo -i
root@vagrant:~# echo "dummy" >> /etc/modules
root@vagrant:~# echo "options dummy numdummies=2" > /etc/modprobe.d/dummy.conf
root@vagrant:~# nano /etc/network/interfaces
делаем, чтобы этот файл выглядео вот так:
# interfaces(5) file used by ifup(8) and ifdown(8)
# Include files from /etc/network/interfaces.d:
source-directory /etc/network/interfaces.d

auto dummy0
iface dummy0 inet static
    address 10.2.2.2/32
    pre-up ip link add dummy0 type dummy
    post-down ip link del dummy0

root@vagrant:~# ifup dummy0

root@vagrant:~# ip a
1: lo: <LOOPBACK,UP,LOWER_UP> mtu 65536 qdisc noqueue state UNKNOWN group default qlen 1000
    link/loopback 00:00:00:00:00:00 brd 00:00:00:00:00:00
    inet 127.0.0.1/8 scope host lo
       valid_lft forever preferred_lft forever
    inet6 ::1/128 scope host
       valid_lft forever preferred_lft forever
2: eth0: <BROADCAST,MULTICAST,UP,LOWER_UP> mtu 1500 qdisc fq_codel state UP group default qlen 1000
    link/ether 08:00:27:73:60:cf brd ff:ff:ff:ff:ff:ff
    inet 10.0.2.15/24 brd 10.0.2.255 scope global dynamic eth0
       valid_lft 82965sec preferred_lft 82965sec
    inet6 fe80::a00:27ff:fe73:60cf/64 scope link
       valid_lft forever preferred_lft forever
3: dummy0: <BROADCAST,NOARP,UP,LOWER_UP> mtu 1500 qdisc noqueue state UNKNOWN group default qlen 1000
    link/ether b2:1b:4e:ac:cc:f4 brd ff:ff:ff:ff:ff:ff
    inet 10.2.2.2/32 brd 10.2.2.2 scope global dummy0
       valid_lft forever preferred_lft forever
    inet6 fe80::b01b:4eff:feac:ccf4/64 scope link
       valid_lft forever preferred_lft forever

Добавим пару маршрутов для
root@vagrant:~# ip route add 87.250.250.242 via 10.0.2.2
root@vagrant:~# ip route add 8.8.8.8 via 10.0.2.2
Посмотрим на них
root@vagrant:~# netstat -rn
Kernel IP routing table
Destination     Gateway         Genmask         Flags   MSS Window  irtt Iface
0.0.0.0         10.0.2.2        0.0.0.0         UG        0 0          0 eth0
8.8.8.8         10.0.2.2        255.255.255.255 UGH       0 0          0 eth0
10.0.2.0        0.0.0.0         255.255.255.0   U         0 0          0 eth0
10.0.2.2        0.0.0.0         255.255.255.255 UH        0 0          0 eth0
87.250.250.242  10.0.2.2        255.255.255.255 UGH       0 0          0 eth0
Вот, они, с флагом UGH

3.Проверьте открытые TCP порты в Ubuntu, какие протоколы и приложения используют эти порты? Приведите несколько примеров.

root@vagrant:~# ss -lntp
State          Recv-Q         Send-Q                 Local Address:Port                 Peer Address:Port        Process
LISTEN         0              4096                         0.0.0.0:111                       0.0.0.0:*            users:(("rpcbind",pid=593,fd=4),("systemd",pid=1,fd=35))
LISTEN         0              4096                   127.0.0.53%lo:53                        0.0.0.0:*            users:(("systemd-resolve",pid=594,fd=13))
LISTEN         0              128                          0.0.0.0:22                        0.0.0.0:*            users:(("sshd",pid=814,fd=3))
LISTEN         0              4096                            [::]:111                          [::]:*            users:(("rpcbind",pid=593,fd=6),("systemd",pid=1,fd=37))
LISTEN         0              128                             [::]:22                           [::]:*            users:(("sshd",pid=814,fd=4))

Вот, написано, что порт 111 слушает rpcbind, systemd-resolve висит на 53 порту? sshd, как ему и положено, на 22
Вот так ещё глянем:
root@vagrant:~# nmap localhost
Starting Nmap 7.80 ( https://nmap.org ) at 2021-12-07 18:38 UTC
Nmap scan report for localhost (127.0.0.1)
Host is up (0.000025s latency).
Other addresses for localhost (not scanned): ::1
Not shown: 998 closed ports
PORT    STATE SERVICE
22/tcp  open  ssh
111/tcp open  rpcbind

Nmap done: 1 IP address (1 host up) scanned in 0.25 seconds

4. Проверьте используемые UDP сокеты в Ubuntu, какие протоколы и приложения используют эти порты?
Можно ss -lutp, а можно через lsof так:

root@vagrant:~# lsof -i | grep UDP
systemd       1            root   36u  IPv4  15274      0t0  UDP *:sunrpc
systemd       1            root   38u  IPv6  15280      0t0  UDP *:sunrpc
systemd-n   388 systemd-network   19u  IPv4  18225      0t0  UDP vagrant:bootpc
rpcbind     593            _rpc    5u  IPv4  15274      0t0  UDP *:sunrpc
rpcbind     593            _rpc    7u  IPv6  15280      0t0  UDP *:sunrpc
systemd-r   594 systemd-resolve   12u  IPv4  21021      0t0  UDP localhost:domain

root@vagrant:~# ss -lutp
Netid       State        Recv-Q       Send-Q              Local Address:Port               Peer Address:Port      Process
udp         UNCONN       0            0                   127.0.0.53%lo:domain                  0.0.0.0:*          users:(("systemd-resolve",pid=594,fd=12))
udp         UNCONN       0            0                  10.0.2.15%eth0:bootpc                  0.0.0.0:*          users:(("systemd-network",pid=388,fd=19))
udp         UNCONN       0            0                         0.0.0.0:sunrpc                  0.0.0.0:*          users:(("rpcbind",pid=593,fd=5),("systemd",pid=1,fd=36))
udp         UNCONN       0            0                            [::]:sunrpc                     [::]:*          users:(("rpcbind",pid=593,fd=7),("systemd",pid=1,fd=38))
tcp         LISTEN       0            4096                      0.0.0.0:sunrpc                  0.0.0.0:*          users:(("rpcbind",pid=593,fd=4),("systemd",pid=1,fd=35))
tcp         LISTEN       0            4096                127.0.0.53%lo:domain                  0.0.0.0:*          users:(("systemd-resolve",pid=594,fd=13))
tcp         LISTEN       0            128                       0.0.0.0:ssh                     0.0.0.0:*          users:(("sshd",pid=814,fd=3))
tcp         LISTEN       0            4096                         [::]:sunrpc                     [::]:*          users:(("rpcbind",pid=593,fd=6),("systemd",pid=1,fd=37))
tcp         LISTEN       0            128                          [::]:ssh                        [::]:*          users:(("sshd",pid=814,fd=4))

